// Jest Snapshot v1, https://goo.gl/fbAQLP

exports[`renders the myProflie component snapshot 1`] = `
<DocumentFragment>
  <div
    class="myProfile"
  >
    <div
      class="myMissions"
    >
      <h4>
        My Missions
      </h4>
      <table
        class="table table-bordered table-hover"
      >
        <tbody />
      </table>
    </div>
    <div
      class="myRockets"
    >
      <h4>
        My Rockets
      </h4>
      <table
        class="table table-bordered table-hover"
      >
        <tbody />
      </table>
    </div>
  </div>
</DocumentFragment>
`;
