// Jest Snapshot v1, https://goo.gl/fbAQLP

exports[`renders the navbar component snapshot 1`] = `
<DocumentFragment>
  <nav>
    <ul>
      <li>
        <a
          aria-current="page"
          class="active"
          href="/"
        >
          Rockets
        </a>
      </li>
      <li>
        <a
          class=""
          href="/missions"
        >
          Missions
        </a>
      </li>
      <li>
        <a
          class=""
          href="/profile"
        >
          My Profile
        </a>
      </li>
    </ul>
  </nav>
</DocumentFragment>
`;
